// Jest Snapshot v1, https://goo.gl/fbAQLP

exports[`LoginForm renders the component 1`] = `
Object {
  "asFragment": [Function],
  "baseElement": <body>
    <div>
      <form>
        <div
          class="uik-form-input-group__vertical"
        >
          <div
            class=""
          >
            <span
              class="uik-content-title__wrapper"
            >
              Email
            </span>
            <div
              class="uik-input__inputWrapper"
            >
              <input
                class="uik-input__input"
                name="email"
                type="email"
                value=""
              />
            </div>
          </div>
          <div
            class=""
          >
            <span
              class="uik-content-title__wrapper"
            >
              Password
            </span>
            <div
              class="uik-input__inputWrapper"
            >
              <input
                class="uik-input__input"
                name="password"
                type="password"
                value=""
              />
            </div>
          </div>
          <button
            class="uik-btn__base uik-btn__primary"
            type="submit"
          >
            <span
              class="uik-btn__content"
            >
              Login
            </span>
          </button>
        </div>
      </form>
    </div>
  </body>,
  "container": <div>
    <form>
      <div
        class="uik-form-input-group__vertical"
      >
        <div
          class=""
        >
          <span
            class="uik-content-title__wrapper"
          >
            Email
          </span>
          <div
            class="uik-input__inputWrapper"
          >
            <input
              class="uik-input__input"
              name="email"
              type="email"
              value=""
            />
          </div>
        </div>
        <div
          class=""
        >
          <span
            class="uik-content-title__wrapper"
          >
            Password
          </span>
          <div
            class="uik-input__inputWrapper"
          >
            <input
              class="uik-input__input"
              name="password"
              type="password"
              value=""
            />
          </div>
        </div>
        <button
          class="uik-btn__base uik-btn__primary"
          type="submit"
        >
          <span
            class="uik-btn__content"
          >
            Login
          </span>
        </button>
      </div>
    </form>
  </div>,
  "debug": [Function],
  "findAllByAltText": [Function],
  "findAllByDisplayValue": [Function],
  "findAllByLabelText": [Function],
  "findAllByPlaceholderText": [Function],
  "findAllByRole": [Function],
  "findAllByTestId": [Function],
  "findAllByText": [Function],
  "findAllByTitle": [Function],
  "findByAltText": [Function],
  "findByDisplayValue": [Function],
  "findByLabelText": [Function],
  "findByPlaceholderText": [Function],
  "findByRole": [Function],
  "findByTestId": [Function],
  "findByText": [Function],
  "findByTitle": [Function],
  "getAllByAltText": [Function],
  "getAllByDisplayValue": [Function],
  "getAllByLabelText": [Function],
  "getAllByPlaceholderText": [Function],
  "getAllByRole": [Function],
  "getAllBySelectText": [Function],
  "getAllByTestId": [Function],
  "getAllByText": [Function],
  "getAllByTitle": [Function],
  "getAllByValue": [Function],
  "getByAltText": [Function],
  "getByDisplayValue": [Function],
  "getByLabelText": [Function],
  "getByPlaceholderText": [Function],
  "getByRole": [Function],
  "getBySelectText": [Function],
  "getByTestId": [Function],
  "getByText": [Function],
  "getByTitle": [Function],
  "getByValue": [Function],
  "queryAllByAltText": [Function],
  "queryAllByDisplayValue": [Function],
  "queryAllByLabelText": [Function],
  "queryAllByPlaceholderText": [Function],
  "queryAllByRole": [Function],
  "queryAllBySelectText": [Function],
  "queryAllByTestId": [Function],
  "queryAllByText": [Function],
  "queryAllByTitle": [Function],
  "queryAllByValue": [Function],
  "queryByAltText": [Function],
  "queryByDisplayValue": [Function],
  "queryByLabelText": [Function],
  "queryByPlaceholderText": [Function],
  "queryByRole": [Function],
  "queryBySelectText": [Function],
  "queryByTestId": [Function],
  "queryByText": [Function],
  "queryByTitle": [Function],
  "queryByValue": [Function],
  "rerender": [Function],
  "unmount": [Function],
}
`;
