// Jest Snapshot v1, https://goo.gl/fbAQLP

exports[`<TopBar /> should render correctly 1`] = `
Object {
  "asFragment": [Function],
  "baseElement": <body>
    <div>
      <div
        class="uik-top-bar__wrapper"
      >
        <div
          class="uik-top-bar-section__wrapper"
        >
          <a
            aria-current="page"
            href="/"
            style="text-decoration: none;"
          >
            <h2
              class="uik-top-bar-title__wrapper"
            >
              Measure Effort
            </h2>
          </a>
          <div
            class="uik-divider__vertical uik-divider__margin"
          />
          <div
            class="uik-top-bar-link-container__wrapper"
          >
            <a
              class="uik-top-bar-link__wrapper"
              href="/report/current"
              style="text-decoration: none;"
            >
              Current Report
            </a>
            <a
              class="uik-top-bar-link__wrapper"
              href="/group"
              style="text-decoration: none;"
            >
              Group
            </a>
          </div>
        </div>
        <div
          class="uik-top-bar-section__wrapper"
        >
          <button
            class="uik-btn__base uik-btn__primary"
            type="button"
          >
            <span
              class="uik-btn__content"
            >
              Logout
            </span>
          </button>
        </div>
      </div>
    </div>
  </body>,
  "container": <div>
    <div
      class="uik-top-bar__wrapper"
    >
      <div
        class="uik-top-bar-section__wrapper"
      >
        <a
          aria-current="page"
          href="/"
          style="text-decoration: none;"
        >
          <h2
            class="uik-top-bar-title__wrapper"
          >
            Measure Effort
          </h2>
        </a>
        <div
          class="uik-divider__vertical uik-divider__margin"
        />
        <div
          class="uik-top-bar-link-container__wrapper"
        >
          <a
            class="uik-top-bar-link__wrapper"
            href="/report/current"
            style="text-decoration: none;"
          >
            Current Report
          </a>
          <a
            class="uik-top-bar-link__wrapper"
            href="/group"
            style="text-decoration: none;"
          >
            Group
          </a>
        </div>
      </div>
      <div
        class="uik-top-bar-section__wrapper"
      >
        <button
          class="uik-btn__base uik-btn__primary"
          type="button"
        >
          <span
            class="uik-btn__content"
          >
            Logout
          </span>
        </button>
      </div>
    </div>
  </div>,
  "debug": [Function],
  "findAllByAltText": [Function],
  "findAllByDisplayValue": [Function],
  "findAllByLabelText": [Function],
  "findAllByPlaceholderText": [Function],
  "findAllByRole": [Function],
  "findAllByTestId": [Function],
  "findAllByText": [Function],
  "findAllByTitle": [Function],
  "findByAltText": [Function],
  "findByDisplayValue": [Function],
  "findByLabelText": [Function],
  "findByPlaceholderText": [Function],
  "findByRole": [Function],
  "findByTestId": [Function],
  "findByText": [Function],
  "findByTitle": [Function],
  "getAllByAltText": [Function],
  "getAllByDisplayValue": [Function],
  "getAllByLabelText": [Function],
  "getAllByPlaceholderText": [Function],
  "getAllByRole": [Function],
  "getAllBySelectText": [Function],
  "getAllByTestId": [Function],
  "getAllByText": [Function],
  "getAllByTitle": [Function],
  "getAllByValue": [Function],
  "getByAltText": [Function],
  "getByDisplayValue": [Function],
  "getByLabelText": [Function],
  "getByPlaceholderText": [Function],
  "getByRole": [Function],
  "getBySelectText": [Function],
  "getByTestId": [Function],
  "getByText": [Function],
  "getByTitle": [Function],
  "getByValue": [Function],
  "queryAllByAltText": [Function],
  "queryAllByDisplayValue": [Function],
  "queryAllByLabelText": [Function],
  "queryAllByPlaceholderText": [Function],
  "queryAllByRole": [Function],
  "queryAllBySelectText": [Function],
  "queryAllByTestId": [Function],
  "queryAllByText": [Function],
  "queryAllByTitle": [Function],
  "queryAllByValue": [Function],
  "queryByAltText": [Function],
  "queryByDisplayValue": [Function],
  "queryByLabelText": [Function],
  "queryByPlaceholderText": [Function],
  "queryByRole": [Function],
  "queryBySelectText": [Function],
  "queryByTestId": [Function],
  "queryByText": [Function],
  "queryByTitle": [Function],
  "queryByValue": [Function],
  "rerender": [Function],
  "unmount": [Function],
}
`;
